  MapSize.cpp
  SaperSfml.cpp
C:\Users\BEBERISHKA\Documents\GitHub\SapperCPlusPlus\SaperSfml\SaperSfml.cpp(98,61): warning C4244: аргумент: преобразование "int" в "T", возможна потеря данных
C:\Users\BEBERISHKA\Documents\GitHub\SapperCPlusPlus\SaperSfml\SaperSfml.cpp(98,61): warning C4244:         with
C:\Users\BEBERISHKA\Documents\GitHub\SapperCPlusPlus\SaperSfml\SaperSfml.cpp(98,61): warning C4244:         [
C:\Users\BEBERISHKA\Documents\GitHub\SapperCPlusPlus\SaperSfml\SaperSfml.cpp(98,61): warning C4244:             T=float
C:\Users\BEBERISHKA\Documents\GitHub\SapperCPlusPlus\SaperSfml\SaperSfml.cpp(98,61): warning C4244:         ]
C:\Users\BEBERISHKA\Documents\GitHub\SapperCPlusPlus\SaperSfml\SaperSfml.cpp(98,51): warning C4244: аргумент: преобразование "int" в "T", возможна потеря данных
C:\Users\BEBERISHKA\Documents\GitHub\SapperCPlusPlus\SaperSfml\SaperSfml.cpp(98,51): warning C4244:         with
C:\Users\BEBERISHKA\Documents\GitHub\SapperCPlusPlus\SaperSfml\SaperSfml.cpp(98,51): warning C4244:         [
C:\Users\BEBERISHKA\Documents\GitHub\SapperCPlusPlus\SaperSfml\SaperSfml.cpp(98,51): warning C4244:             T=float
C:\Users\BEBERISHKA\Documents\GitHub\SapperCPlusPlus\SaperSfml\SaperSfml.cpp(98,51): warning C4244:         ]
C:\Users\BEBERISHKA\Documents\GitHub\SapperCPlusPlus\SaperSfml\SaperSfml.cpp(104,25): warning C4244: инициализация: преобразование "double" в "float", возможна потеря данных
C:\Users\BEBERISHKA\Documents\GitHub\SapperCPlusPlus\SaperSfml\SaperSfml.cpp(105,25): warning C4244: инициализация: преобразование "double" в "float", возможна потеря данных
C:\Users\BEBERISHKA\Documents\GitHub\SapperCPlusPlus\SaperSfml\SaperSfml.cpp(144,61): warning C4244: аргумент: преобразование "int" в "T", возможна потеря данных
C:\Users\BEBERISHKA\Documents\GitHub\SapperCPlusPlus\SaperSfml\SaperSfml.cpp(144,61): warning C4244:         with
C:\Users\BEBERISHKA\Documents\GitHub\SapperCPlusPlus\SaperSfml\SaperSfml.cpp(144,61): warning C4244:         [
C:\Users\BEBERISHKA\Documents\GitHub\SapperCPlusPlus\SaperSfml\SaperSfml.cpp(144,61): warning C4244:             T=float
C:\Users\BEBERISHKA\Documents\GitHub\SapperCPlusPlus\SaperSfml\SaperSfml.cpp(144,61): warning C4244:         ]
C:\Users\BEBERISHKA\Documents\GitHub\SapperCPlusPlus\SaperSfml\SaperSfml.cpp(144,51): warning C4244: аргумент: преобразование "int" в "T", возможна потеря данных
C:\Users\BEBERISHKA\Documents\GitHub\SapperCPlusPlus\SaperSfml\SaperSfml.cpp(144,51): warning C4244:         with
C:\Users\BEBERISHKA\Documents\GitHub\SapperCPlusPlus\SaperSfml\SaperSfml.cpp(144,51): warning C4244:         [
C:\Users\BEBERISHKA\Documents\GitHub\SapperCPlusPlus\SaperSfml\SaperSfml.cpp(144,51): warning C4244:             T=float
C:\Users\BEBERISHKA\Documents\GitHub\SapperCPlusPlus\SaperSfml\SaperSfml.cpp(144,51): warning C4244:         ]
C:\Users\BEBERISHKA\Documents\GitHub\SapperCPlusPlus\SaperSfml\SaperSfml.cpp(150,25): warning C4244: инициализация: преобразование "double" в "float", возможна потеря данных
C:\Users\BEBERISHKA\Documents\GitHub\SapperCPlusPlus\SaperSfml\SaperSfml.cpp(151,25): warning C4244: инициализация: преобразование "double" в "float", возможна потеря данных
C:\Users\BEBERISHKA\Documents\GitHub\SapperCPlusPlus\SaperSfml\SaperSfml.cpp(487,38): warning C4244: аргумент: преобразование "int" в "T", возможна потеря данных
C:\Users\BEBERISHKA\Documents\GitHub\SapperCPlusPlus\SaperSfml\SaperSfml.cpp(487,38): warning C4244:         with
C:\Users\BEBERISHKA\Documents\GitHub\SapperCPlusPlus\SaperSfml\SaperSfml.cpp(487,38): warning C4244:         [
C:\Users\BEBERISHKA\Documents\GitHub\SapperCPlusPlus\SaperSfml\SaperSfml.cpp(487,38): warning C4244:             T=float
C:\Users\BEBERISHKA\Documents\GitHub\SapperCPlusPlus\SaperSfml\SaperSfml.cpp(487,38): warning C4244:         ]
C:\Users\BEBERISHKA\Documents\GitHub\SapperCPlusPlus\SaperSfml\SaperSfml.cpp(486,41): warning C4244: аргумент: преобразование "int" в "T", возможна потеря данных
C:\Users\BEBERISHKA\Documents\GitHub\SapperCPlusPlus\SaperSfml\SaperSfml.cpp(486,41): warning C4244:         with
C:\Users\BEBERISHKA\Documents\GitHub\SapperCPlusPlus\SaperSfml\SaperSfml.cpp(486,41): warning C4244:         [
C:\Users\BEBERISHKA\Documents\GitHub\SapperCPlusPlus\SaperSfml\SaperSfml.cpp(486,41): warning C4244:             T=float
C:\Users\BEBERISHKA\Documents\GitHub\SapperCPlusPlus\SaperSfml\SaperSfml.cpp(486,41): warning C4244:         ]
C:\Users\BEBERISHKA\Documents\GitHub\SapperCPlusPlus\SaperSfml\SaperSfml.cpp(580,44): warning C4244: аргумент: преобразование "T" в "float", возможна потеря данных
C:\Users\BEBERISHKA\Documents\GitHub\SapperCPlusPlus\SaperSfml\SaperSfml.cpp(580,44): warning C4244:         with
C:\Users\BEBERISHKA\Documents\GitHub\SapperCPlusPlus\SaperSfml\SaperSfml.cpp(580,44): warning C4244:         [
C:\Users\BEBERISHKA\Documents\GitHub\SapperCPlusPlus\SaperSfml\SaperSfml.cpp(580,44): warning C4244:             T=unsigned int
C:\Users\BEBERISHKA\Documents\GitHub\SapperCPlusPlus\SaperSfml\SaperSfml.cpp(580,44): warning C4244:         ]
C:\Users\BEBERISHKA\Documents\GitHub\SapperCPlusPlus\SaperSfml\SaperSfml.cpp(581,60): warning C4244: аргумент: преобразование "T" в "float", возможна потеря данных
C:\Users\BEBERISHKA\Documents\GitHub\SapperCPlusPlus\SaperSfml\SaperSfml.cpp(581,60): warning C4244:         with
C:\Users\BEBERISHKA\Documents\GitHub\SapperCPlusPlus\SaperSfml\SaperSfml.cpp(581,60): warning C4244:         [
C:\Users\BEBERISHKA\Documents\GitHub\SapperCPlusPlus\SaperSfml\SaperSfml.cpp(581,60): warning C4244:             T=unsigned int
C:\Users\BEBERISHKA\Documents\GitHub\SapperCPlusPlus\SaperSfml\SaperSfml.cpp(581,60): warning C4244:         ]
C:\Users\BEBERISHKA\Documents\GitHub\SapperCPlusPlus\SaperSfml\SaperSfml.cpp(581,40): warning C4244: аргумент: преобразование "T" в "float", возможна потеря данных
C:\Users\BEBERISHKA\Documents\GitHub\SapperCPlusPlus\SaperSfml\SaperSfml.cpp(581,40): warning C4244:         with
C:\Users\BEBERISHKA\Documents\GitHub\SapperCPlusPlus\SaperSfml\SaperSfml.cpp(581,40): warning C4244:         [
C:\Users\BEBERISHKA\Documents\GitHub\SapperCPlusPlus\SaperSfml\SaperSfml.cpp(581,40): warning C4244:             T=unsigned int
C:\Users\BEBERISHKA\Documents\GitHub\SapperCPlusPlus\SaperSfml\SaperSfml.cpp(581,40): warning C4244:         ]
C:\Users\BEBERISHKA\Documents\GitHub\SapperCPlusPlus\SaperSfml\SaperSfml.cpp(583,61): warning C4244: аргумент: преобразование "T" в "float", возможна потеря данных
C:\Users\BEBERISHKA\Documents\GitHub\SapperCPlusPlus\SaperSfml\SaperSfml.cpp(583,61): warning C4244:         with
C:\Users\BEBERISHKA\Documents\GitHub\SapperCPlusPlus\SaperSfml\SaperSfml.cpp(583,61): warning C4244:         [
C:\Users\BEBERISHKA\Documents\GitHub\SapperCPlusPlus\SaperSfml\SaperSfml.cpp(583,61): warning C4244:             T=unsigned int
C:\Users\BEBERISHKA\Documents\GitHub\SapperCPlusPlus\SaperSfml\SaperSfml.cpp(583,61): warning C4244:         ]
C:\Users\BEBERISHKA\Documents\GitHub\SapperCPlusPlus\SaperSfml\SaperSfml.cpp(583,41): warning C4244: аргумент: преобразование "T" в "float", возможна потеря данных
C:\Users\BEBERISHKA\Documents\GitHub\SapperCPlusPlus\SaperSfml\SaperSfml.cpp(583,41): warning C4244:         with
C:\Users\BEBERISHKA\Documents\GitHub\SapperCPlusPlus\SaperSfml\SaperSfml.cpp(583,41): warning C4244:         [
C:\Users\BEBERISHKA\Documents\GitHub\SapperCPlusPlus\SaperSfml\SaperSfml.cpp(583,41): warning C4244:             T=unsigned int
C:\Users\BEBERISHKA\Documents\GitHub\SapperCPlusPlus\SaperSfml\SaperSfml.cpp(583,41): warning C4244:         ]
C:\Users\BEBERISHKA\Documents\GitHub\SapperCPlusPlus\SaperSfml\SaperSfml.cpp(698,33): warning C4244: инициализация: преобразование "int" в "float", возможна потеря данных
C:\Users\BEBERISHKA\Documents\GitHub\SapperCPlusPlus\SaperSfml\SaperSfml.cpp(699,34): warning C4244: инициализация: преобразование "int" в "float", возможна потеря данных
C:\Users\BEBERISHKA\Documents\GitHub\SapperCPlusPlus\SaperSfml\SaperSfml.cpp(718,53): warning C4244: аргумент: преобразование "T" в "float", возможна потеря данных
C:\Users\BEBERISHKA\Documents\GitHub\SapperCPlusPlus\SaperSfml\SaperSfml.cpp(718,53): warning C4244:         with
C:\Users\BEBERISHKA\Documents\GitHub\SapperCPlusPlus\SaperSfml\SaperSfml.cpp(718,53): warning C4244:         [
C:\Users\BEBERISHKA\Documents\GitHub\SapperCPlusPlus\SaperSfml\SaperSfml.cpp(718,53): warning C4244:             T=unsigned int
C:\Users\BEBERISHKA\Documents\GitHub\SapperCPlusPlus\SaperSfml\SaperSfml.cpp(718,53): warning C4244:         ]
  UserDifficultyWindow.cpp
C:\Users\BEBERISHKA\Documents\GitHub\SapperCPlusPlus\SaperSfml\UserDifficultyWindow.cpp(75,33): warning C4353: нестандартное расширение: константа 0 в качестве выражения функции.  Следует заменить на подставляемую функцию "__noop"
  Создание кода
  0 of 2840 functions ( 0.0%) were compiled, the rest were copied from previous compilation.
    0 functions were new in current compilation
    0 functions had inline decision re-evaluated but remain unchanged
  Создание кода завершено
  SaperSfml.vcxproj -> C:\Users\BEBERISHKA\Documents\GitHub\SapperCPlusPlus\x64\Release\SaperSfml.exe
